2026-07-26 22:38:29,024 - main_pipeline - INFO - =========================================
2026-07-26 22:38:29,024 - main_pipeline - INFO - Starting Financial Transaction Risk Engine
2026-07-26 22:38:29,024 - main_pipeline - INFO - =========================================
2026-07-26 22:38:29,024 - main_pipeline - INFO - Starting preprocessing step...
2026-07-26 22:38:29,025 - data_preprocessing - INFO - Initializing Data Preprocessing Pipeline...
2026-07-26 22:38:29,025 - data_preprocessing - INFO - Attempting to load dataset from: D:\AntiGravity Projects\Customer Churn\customer-churn-prediction\data\raw\transactions.csv
2026-07-26 22:38:29,053 - data_preprocessing - INFO - Successfully loaded dataset. Shape: (10000, 8)
2026-07-26 22:38:29,054 - data_preprocessing - INFO - Generating dataset diagnostic summary...
2026-07-26 22:38:29,054 - data_preprocessing - INFO - ============================================================
2026-07-26 22:38:29,054 - data_preprocessing - INFO - DATASET SUMMARY
2026-07-26 22:38:29,054 - data_preprocessing - INFO - ============================================================
2026-07-26 22:38:29,054 - data_preprocessing - INFO - Dataset Shape: 10000 rows, 8 columns
2026-07-26 22:38:29,054 - data_preprocessing - INFO - ----------------------------------------
2026-07-26 22:38:29,054 - data_preprocessing - INFO - Columns, Data Types, and Missing Values:
2026-07-26 22:38:29,069 - data_preprocessing - INFO - Column Name               | Data Type       | Missing Values 
2026-07-26 22:38:29,069 - data_preprocessing - INFO - ------------------------------------------------------------
2026-07-26 22:38:29,069 - data_preprocessing - INFO - transaction_id            | object          | 0              
2026-07-26 22:38:29,069 - data_preprocessing - INFO - customer_id               | object          | 0              
2026-07-26 22:38:29,069 - data_preprocessing - INFO - timestamp                 | object          | 0              
2026-07-26 22:38:29,069 - data_preprocessing - INFO - amount                    | float64         | 0              
2026-07-26 22:38:29,069 - data_preprocessing - INFO - merchant_category         | object          | 0              
2026-07-26 22:38:29,069 - data_preprocessing - INFO - location                  | object          | 0              
2026-07-26 22:38:29,069 - data_preprocessing - INFO - device_type               | object          | 0              
2026-07-26 22:38:29,069 - data_preprocessing - INFO - is_anomaly                | int64           | 0              
2026-07-26 22:38:29,069 - data_preprocessing - INFO - ----------------------------------------
2026-07-26 22:38:29,069 - data_preprocessing - INFO - Number of duplicate rows: 0
2026-07-26 22:38:29,069 - data_preprocessing - INFO - ----------------------------------------
2026-07-26 22:38:29,079 - data_preprocessing - INFO - Memory Usage: 3,725,352 bytes (~3.55 MB)
2026-07-26 22:38:29,079 - data_preprocessing - INFO - ----------------------------------------
2026-07-26 22:38:29,079 - data_preprocessing - INFO - First 5 Rows:
2026-07-26 22:38:29,084 - data_preprocessing - INFO - 
  transaction_id customer_id            timestamp  amount merchant_category      location device_type  is_anomaly
0    TXN00000001    CUST1328  2026-06-26 22:40:37  200.00   cash_withdrawal   Chicago, US         atm           0
1    TXN00000002    CUST1058  2026-06-26 22:47:22  724.18            travel   Houston, US         web           0
2    TXN00000003    CUST1013  2026-06-26 22:51:17  207.51     online_retail   Chicago, US      mobile           0
3    TXN00000004    CUST1380  2026-06-26 22:57:10   47.93           grocery     Miami, US         pos           0
4    TXN00000005    CUST1141  2026-06-26 22:58:20  322.03            travel  New York, US         pos           0

2026-07-26 22:38:29,084 - data_preprocessing - INFO - ============================================================
2026-07-26 22:38:29,087 - data_preprocessing - INFO - No missing values found in the dataset.
2026-07-26 22:38:29,093 - data_preprocessing - INFO - No duplicate rows found in the dataset.
2026-07-26 22:38:29,094 - data_preprocessing - INFO - Saving cleaned dataset (Shape: (10000, 8)) to: D:\AntiGravity Projects\Customer Churn\customer-churn-prediction\data\processed\transactions_clean.csv
2026-07-26 22:38:29,123 - data_preprocessing - INFO - Data Preprocessing Pipeline completed successfully.
2026-07-26 22:38:29,124 - main_pipeline - INFO - Preprocessing completed. Cleaned dataset has 10000 rows.
2026-07-26 22:38:29,124 - main_pipeline - INFO - =========================================
2026-07-26 22:38:29,124 - main_pipeline - INFO - Pipeline Step 1 (Preprocessing) completed successfully
2026-07-26 22:38:29,124 - main_pipeline - INFO - =========================================
2026-07-27 22:23:20,188 - data_preprocessing - INFO - ============================================================
2026-07-27 22:23:20,188 - data_preprocessing - INFO - STARTING PREPROCESSING PIPELINE
2026-07-27 22:23:20,188 - data_preprocessing - INFO - ============================================================
2026-07-27 22:23:20,188 - data_preprocessing - INFO - Loading raw dataset from D:\AntiGravity Projects\Customer Churn\Customer-Churn-Prediction\data\raw\transactions.csv...
2026-07-27 22:23:20,212 - data_preprocessing - INFO - Loaded dataset with shape (10000, 8)
2026-07-27 22:23:20,224 - data_preprocessing - INFO - Checking for duplicate rows...
2026-07-27 22:23:20,229 - data_preprocessing - INFO - No duplicate rows found.
2026-07-27 22:23:20,229 - data_preprocessing - INFO - Checking for missing values...
2026-07-27 22:23:20,233 - data_preprocessing - INFO - No missing values found.
2026-07-27 22:23:20,233 - data_preprocessing - INFO - Validating and converting data types...
2026-07-27 22:23:20,233 - data_preprocessing - INFO - Converting 'timestamp' to datetime...
2026-07-27 22:23:20,251 - data_preprocessing - INFO - Ensuring 'amount' is float...
2026-07-27 22:23:20,252 - data_preprocessing - INFO - Ensuring target 'is_anomaly' is integer...
2026-07-27 22:23:20,254 - data_preprocessing - INFO - Data type validation and conversion completed.
2026-07-27 22:23:20,254 - data_preprocessing - INFO - Standardizing categorical values (lowercasing & stripping whitespace)...
2026-07-27 22:23:20,256 - data_preprocessing - INFO - Standardizing column: merchant_category
2026-07-27 22:23:20,261 - data_preprocessing - INFO - Standardizing column: location
2026-07-27 22:23:20,267 - data_preprocessing - INFO - Standardizing column: device_type
2026-07-27 22:23:20,270 - data_preprocessing - INFO - Categorical standardization completed.
2026-07-27 22:23:20,271 - data_preprocessing - INFO - Detecting invalid/unrealistic values...
2026-07-27 22:23:20,273 - data_preprocessing - INFO - No invalid transaction amounts detected (all amounts > 0).
2026-07-27 22:23:20,340 - data_preprocessing - INFO - Saved processed dataset to: D:\AntiGravity Projects\Customer Churn\Customer-Churn-Prediction\data\processed\transactions_clean.csv
2026-07-27 22:23:20,341 - data_preprocessing - INFO - ============================================================
2026-07-27 22:23:20,341 - data_preprocessing - INFO - PREPROCESSING PIPELINE SUMMARY
2026-07-27 22:23:20,341 - data_preprocessing - INFO - ------------------------------------------------------------
2026-07-27 22:23:20,341 - data_preprocessing - INFO - Original shape:       (10000, 8)
2026-07-27 22:23:20,341 - data_preprocessing - INFO - Final shape:          (10000, 8)
2026-07-27 22:23:20,341 - data_preprocessing - INFO - Duplicates removed:   0
2026-07-27 22:23:20,342 - data_preprocessing - INFO - Missing values resolved: 0
2026-07-27 22:23:20,342 - data_preprocessing - INFO - Invalid values removed: 0
2026-07-27 22:23:20,342 - data_preprocessing - INFO - ============================================================
2026-07-30 20:44:51,957 - main_pipeline - INFO - =========================================
2026-07-30 20:44:51,959 - main_pipeline - INFO - Starting Financial Transaction Risk Engine
2026-07-30 20:44:51,962 - main_pipeline - INFO - =========================================
2026-07-30 20:44:51,962 - main_pipeline - INFO - Starting preprocessing step (data cleaning)...
2026-07-30 20:44:51,963 - data_preprocessing - INFO - ============================================================
2026-07-30 20:44:51,963 - data_preprocessing - INFO - STARTING PREPROCESSING PIPELINE
2026-07-30 20:44:51,963 - data_preprocessing - INFO - ============================================================
2026-07-30 20:44:51,963 - data_preprocessing - INFO - Loading raw dataset from D:\AntiGravity Projects\Customer Churn\Customer-Churn-Prediction\data\raw\transactions.csv...
2026-07-30 20:44:52,207 - data_preprocessing - INFO - Loaded dataset with shape (10000, 8)
2026-07-30 20:44:52,249 - data_preprocessing - INFO - Checking for duplicate rows...
2026-07-30 20:44:52,262 - data_preprocessing - INFO - No duplicate rows found.
2026-07-30 20:44:52,263 - data_preprocessing - INFO - Checking for missing values...
2026-07-30 20:44:52,272 - data_preprocessing - INFO - No missing values found.
2026-07-30 20:44:52,274 - data_preprocessing - INFO - Validating and converting data types...
2026-07-30 20:44:52,276 - data_preprocessing - INFO - Converting 'timestamp' to datetime...
2026-07-30 20:44:52,301 - data_preprocessing - INFO - Ensuring 'amount' is float...
2026-07-30 20:44:52,302 - data_preprocessing - INFO - Ensuring target 'is_anomaly' is integer...
2026-07-30 20:44:52,307 - data_preprocessing - INFO - Data type validation and conversion completed.
2026-07-30 20:44:52,309 - data_preprocessing - INFO - Standardizing categorical values (lowercasing & stripping whitespace)...
2026-07-30 20:44:52,314 - data_preprocessing - INFO - Standardizing column: merchant_category
2026-07-30 20:44:52,328 - data_preprocessing - INFO - Standardizing column: location
2026-07-30 20:44:52,340 - data_preprocessing - INFO - Standardizing column: device_type
2026-07-30 20:44:52,354 - data_preprocessing - INFO - Categorical standardization completed.
2026-07-30 20:44:52,354 - data_preprocessing - INFO - Detecting invalid/unrealistic values...
2026-07-30 20:44:52,361 - data_preprocessing - INFO - No invalid transaction amounts detected (all amounts > 0).
2026-07-30 20:44:52,532 - data_preprocessing - INFO - Saved processed dataset to: D:\AntiGravity Projects\Customer Churn\Customer-Churn-Prediction\data\processed\transactions_clean.csv
2026-07-30 20:44:52,532 - data_preprocessing - INFO - ============================================================
2026-07-30 20:44:52,532 - data_preprocessing - INFO - PREPROCESSING PIPELINE SUMMARY
2026-07-30 20:44:52,532 - data_preprocessing - INFO - ------------------------------------------------------------
2026-07-30 20:44:52,532 - data_preprocessing - INFO - Original shape:       (10000, 8)
2026-07-30 20:44:52,534 - data_preprocessing - INFO - Final shape:          (10000, 8)
2026-07-30 20:44:52,535 - data_preprocessing - INFO - Duplicates removed:   0
2026-07-30 20:44:52,535 - data_preprocessing - INFO - Missing values resolved: 0
2026-07-30 20:44:52,535 - data_preprocessing - INFO - Invalid values removed: 0
2026-07-30 20:44:52,535 - data_preprocessing - INFO - ============================================================
2026-07-30 20:44:52,540 - main_pipeline - INFO - Preprocessing completed. Cleaned dataset has 10000 rows.
2026-07-30 20:44:52,540 - main_pipeline - INFO - Starting feature engineering step...
2026-07-30 20:44:52,541 - feature_engineering - INFO - Starting feature engineering process...
2026-07-30 20:44:52,553 - feature_engineering - INFO - Sorting transactions chronologically...
2026-07-30 20:44:52,570 - feature_engineering - INFO - Engineering temporal features...
2026-07-30 20:44:52,590 - feature_engineering - INFO - Engineering geographical features...
2026-07-30 20:44:52,604 - feature_engineering - INFO - Engineering customer transaction velocity and historical features...
2026-07-30 20:44:52,792 - main_pipeline - CRITICAL - Pipeline execution failed: cannot reindex on an axis with duplicate labels
Traceback (most recent call last):
  File "D:\AntiGravity Projects\Customer Churn\Customer-Churn-Prediction\main.py", line 38, in main
    df_feat = engineer_features(df_clean)
  File "D:\AntiGravity Projects\Customer Churn\Customer-Churn-Prediction\src\feature_engineering.py", line 57, in engineer_features
    df_feat["customer_txn_count_30d"] = (
    ~~~~~~~^^^^^^^^^^^^^^^^^^^^^^^^^^
  File "C:\Users\Rishabh\AppData\Roaming\Python\Python313\site-packages\pandas\core\frame.py", line 4322, in __setitem__
    self._set_item(key, value)
    ~~~~~~~~~~~~~~^^^^^^^^^^^^
  File "C:\Users\Rishabh\AppData\Roaming\Python\Python313\site-packages\pandas\core\frame.py", line 4535, in _set_item
    value, refs = self._sanitize_column(value)
                  ~~~~~~~~~~~~~~~~~~~~~^^^^^^^
  File "C:\Users\Rishabh\AppData\Roaming\Python\Python313\site-packages\pandas\core\frame.py", line 5285, in _sanitize_column
    return _reindex_for_setitem(value, self.index)
  File "C:\Users\Rishabh\AppData\Roaming\Python\Python313\site-packages\pandas\core\frame.py", line 12719, in _reindex_for_setitem
    raise err
  File "C:\Users\Rishabh\AppData\Roaming\Python\Python313\site-packages\pandas\core\frame.py", line 12714, in _reindex_for_setitem
    reindexed_value = value.reindex(index)._values
                      ~~~~~~~~~~~~~^^^^^^^
  File "C:\Users\Rishabh\AppData\Roaming\Python\Python313\site-packages\pandas\core\series.py", line 5172, in reindex
    return super().reindex(
           ~~~~~~~~~~~~~~~^
        index=index,
        ^^^^^^^^^^^^
    ...<5 lines>...
        tolerance=tolerance,
        ^^^^^^^^^^^^^^^^^^^^
    )
    ^
  File "C:\Users\Rishabh\AppData\Roaming\Python\Python313\site-packages\pandas\core\generic.py", line 5632, in reindex
    return self._reindex_axes(
           ~~~~~~~~~~~~~~~~~~^
        axes, level, limit, tolerance, method, fill_value, copy
        ^^^^^^^^^^^^^^^^^^^^^^^^^^^^^^^^^^^^^^^^^^^^^^^^^^^^^^^
    ).__finalize__(self, method="reindex")
    ^
  File "C:\Users\Rishabh\AppData\Roaming\Python\Python313\site-packages\pandas\core\generic.py", line 5655, in _reindex_axes
    new_index, indexer = ax.reindex(
                         ~~~~~~~~~~^
        labels, level=level, limit=limit, tolerance=tolerance, method=method
        ^^^^^^^^^^^^^^^^^^^^^^^^^^^^^^^^^^^^^^^^^^^^^^^^^^^^^^^^^^^^^^^^^^^^
    )
    ^
  File "C:\Users\Rishabh\AppData\Roaming\Python\Python313\site-packages\pandas\core\indexes\base.py", line 4436, in reindex
    raise ValueError("cannot reindex on an axis with duplicate labels")
ValueError: cannot reindex on an axis with duplicate labels
2026-07-30 20:46:04,987 - main_pipeline - INFO - =========================================
2026-07-30 20:46:04,987 - main_pipeline - INFO - Starting Financial Transaction Risk Engine
2026-07-30 20:46:04,987 - main_pipeline - INFO - =========================================
2026-07-30 20:46:04,987 - main_pipeline - INFO - Starting preprocessing step (data cleaning)...
2026-07-30 20:46:04,987 - data_preprocessing - INFO - ============================================================
2026-07-30 20:46:04,987 - data_preprocessing - INFO - STARTING PREPROCESSING PIPELINE
2026-07-30 20:46:04,988 - data_preprocessing - INFO - ============================================================
2026-07-30 20:46:04,988 - data_preprocessing - INFO - Loading raw dataset from D:\AntiGravity Projects\Customer Churn\Customer-Churn-Prediction\data\raw\transactions.csv...
2026-07-30 20:46:05,031 - data_preprocessing - INFO - Loaded dataset with shape (10000, 8)
2026-07-30 20:46:05,046 - data_preprocessing - INFO - Checking for duplicate rows...
2026-07-30 20:46:05,059 - data_preprocessing - INFO - No duplicate rows found.
2026-07-30 20:46:05,060 - data_preprocessing - INFO - Checking for missing values...
2026-07-30 20:46:05,067 - data_preprocessing - INFO - No missing values found.
2026-07-30 20:46:05,068 - data_preprocessing - INFO - Validating and converting data types...
2026-07-30 20:46:05,070 - data_preprocessing - INFO - Converting 'timestamp' to datetime...
2026-07-30 20:46:05,082 - data_preprocessing - INFO - Ensuring 'amount' is float...
2026-07-30 20:46:05,083 - data_preprocessing - INFO - Ensuring target 'is_anomaly' is integer...
2026-07-30 20:46:05,088 - data_preprocessing - INFO - Data type validation and conversion completed.
2026-07-30 20:46:05,088 - data_preprocessing - INFO - Standardizing categorical values (lowercasing & stripping whitespace)...
2026-07-30 20:46:05,090 - data_preprocessing - INFO - Standardizing column: merchant_category
2026-07-30 20:46:05,098 - data_preprocessing - INFO - Standardizing column: location
2026-07-30 20:46:05,106 - data_preprocessing - INFO - Standardizing column: device_type
2026-07-30 20:46:05,112 - data_preprocessing - INFO - Categorical standardization completed.
2026-07-30 20:46:05,113 - data_preprocessing - INFO - Detecting invalid/unrealistic values...
2026-07-30 20:46:05,117 - data_preprocessing - INFO - No invalid transaction amounts detected (all amounts > 0).
2026-07-30 20:46:05,204 - data_preprocessing - INFO - Saved processed dataset to: D:\AntiGravity Projects\Customer Churn\Customer-Churn-Prediction\data\processed\transactions_clean.csv
2026-07-30 20:46:05,205 - data_preprocessing - INFO - ============================================================
2026-07-30 20:46:05,205 - data_preprocessing - INFO - PREPROCESSING PIPELINE SUMMARY
2026-07-30 20:46:05,205 - data_preprocessing - INFO - ------------------------------------------------------------
2026-07-30 20:46:05,205 - data_preprocessing - INFO - Original shape:       (10000, 8)
2026-07-30 20:46:05,205 - data_preprocessing - INFO - Final shape:          (10000, 8)
2026-07-30 20:46:05,205 - data_preprocessing - INFO - Duplicates removed:   0
2026-07-30 20:46:05,205 - data_preprocessing - INFO - Missing values resolved: 0
2026-07-30 20:46:05,205 - data_preprocessing - INFO - Invalid values removed: 0
2026-07-30 20:46:05,205 - data_preprocessing - INFO - ============================================================
2026-07-30 20:46:05,206 - main_pipeline - INFO - Preprocessing completed. Cleaned dataset has 10000 rows.
2026-07-30 20:46:05,207 - main_pipeline - INFO - Starting feature engineering step...
2026-07-30 20:46:05,207 - feature_engineering - INFO - Starting feature engineering process...
2026-07-30 20:46:05,207 - feature_engineering - INFO - Sorting transactions chronologically...
2026-07-30 20:46:05,212 - feature_engineering - INFO - Engineering temporal features...
2026-07-30 20:46:05,217 - feature_engineering - INFO - Engineering geographical features...
2026-07-30 20:46:05,226 - feature_engineering - INFO - Engineering customer transaction velocity and historical features...
2026-07-30 20:46:07,410 - feature_engineering - INFO - Engineering ratio-based features...
2026-07-30 20:46:07,412 - feature_engineering - INFO - Feature engineering completed. Shape: (10000, 15)
2026-07-30 20:46:07,413 - main_pipeline - INFO - Starting ML dataset preparation (scaling, encoding, splitting, saving)...
2026-07-30 20:46:07,414 - data_preprocessing - INFO - ============================================================
2026-07-30 20:46:07,414 - data_preprocessing - INFO - PREPARING MACHINE LEARNING DATASET & PREPROCESSING PIPELINE
2026-07-30 20:46:07,414 - data_preprocessing - INFO - ============================================================
2026-07-30 20:46:07,419 - data_preprocessing - INFO - Target distribution:
is_anomaly
0    0.9814
1    0.0186
Name: proportion, dtype: float64
2026-07-30 20:46:07,419 - data_preprocessing - INFO - Features shape: (10000, 11)
2026-07-30 20:46:07,432 - data_preprocessing - INFO - Train split shape: (8000, 11), Test split shape: (2000, 11)
2026-07-30 20:46:07,432 - data_preprocessing - INFO - Fitting ColumnTransformer on training split and transforming both splits...
2026-07-30 20:46:07,478 - data_preprocessing - INFO - Saving split datasets to disk...
2026-07-30 20:46:07,766 - data_preprocessing - INFO - Saving preprocessor object to: D:\AntiGravity Projects\Customer Churn\Customer-Churn-Prediction\models\preprocessor.joblib
2026-07-30 20:46:07,770 - data_preprocessing - INFO - Saving split dimensions to: D:\AntiGravity Projects\Customer Churn\Customer-Churn-Prediction\data\processed\split_dimensions.json
2026-07-30 20:46:07,771 - data_preprocessing - INFO - ============================================================
2026-07-30 20:46:07,771 - data_preprocessing - INFO - DATASET PREPARATION PIPELINE SUMMARY
2026-07-30 20:46:07,772 - data_preprocessing - INFO - ------------------------------------------------------------
2026-07-30 20:46:07,772 - data_preprocessing - INFO - X_train shape: (8000, 30)
2026-07-30 20:46:07,772 - data_preprocessing - INFO - X_test shape:  (2000, 30)
2026-07-30 20:46:07,772 - data_preprocessing - INFO - Train anomaly rate: 1.8625%
2026-07-30 20:46:07,772 - data_preprocessing - INFO - Test anomaly rate:  1.8500%
2026-07-30 20:46:07,772 - data_preprocessing - INFO - ============================================================
2026-07-30 20:46:07,774 - main_pipeline - INFO - =========================================
2026-07-30 20:46:07,774 - main_pipeline - INFO - Pipeline Data Preparation completed successfully
2026-07-30 20:46:07,774 - main_pipeline - INFO - =========================================
2026-07-30 20:59:10,634 - main_pipeline - INFO - =========================================
2026-07-30 20:59:10,635 - main_pipeline - INFO - Starting Financial Transaction Risk Engine
2026-07-30 20:59:10,635 - main_pipeline - INFO - =========================================
2026-07-30 20:59:10,635 - main_pipeline - INFO - Starting preprocessing step (data cleaning)...
2026-07-30 20:59:10,635 - data_preprocessing - INFO - ============================================================
2026-07-30 20:59:10,637 - data_preprocessing - INFO - STARTING PREPROCESSING PIPELINE
2026-07-30 20:59:10,637 - data_preprocessing - INFO - ============================================================
2026-07-30 20:59:10,637 - data_preprocessing - INFO - Loading raw dataset from D:\AntiGravity Projects\Customer Churn\Customer-Churn-Prediction\data\raw\transactions.csv...
2026-07-30 20:59:10,740 - data_preprocessing - INFO - Loaded dataset with shape (10000, 8)
2026-07-30 20:59:10,785 - data_preprocessing - INFO - Checking for duplicate rows...
2026-07-30 20:59:10,797 - data_preprocessing - INFO - No duplicate rows found.
2026-07-30 20:59:10,798 - data_preprocessing - INFO - Checking for missing values...
2026-07-30 20:59:10,808 - data_preprocessing - INFO - No missing values found.
2026-07-30 20:59:10,809 - data_preprocessing - INFO - Validating and converting data types...
2026-07-30 20:59:10,810 - data_preprocessing - INFO - Converting 'timestamp' to datetime...
2026-07-30 20:59:10,852 - data_preprocessing - INFO - Ensuring 'amount' is float...
2026-07-30 20:59:10,852 - data_preprocessing - INFO - Ensuring target 'is_anomaly' is integer...
2026-07-30 20:59:10,860 - data_preprocessing - INFO - Data type validation and conversion completed.
2026-07-30 20:59:10,861 - data_preprocessing - INFO - Standardizing categorical values (lowercasing & stripping whitespace)...
2026-07-30 20:59:10,866 - data_preprocessing - INFO - Standardizing column: merchant_category
2026-07-30 20:59:10,878 - data_preprocessing - INFO - Standardizing column: location
2026-07-30 20:59:10,890 - data_preprocessing - INFO - Standardizing column: device_type
2026-07-30 20:59:10,904 - data_preprocessing - INFO - Categorical standardization completed.
2026-07-30 20:59:10,905 - data_preprocessing - INFO - Detecting invalid/unrealistic values...
2026-07-30 20:59:10,914 - data_preprocessing - INFO - No invalid transaction amounts detected (all amounts > 0).
2026-07-30 20:59:11,044 - data_preprocessing - INFO - Saved processed dataset to: D:\AntiGravity Projects\Customer Churn\Customer-Churn-Prediction\data\processed\transactions_clean.csv
2026-07-30 20:59:11,045 - data_preprocessing - INFO - ============================================================
2026-07-30 20:59:11,045 - data_preprocessing - INFO - PREPROCESSING PIPELINE SUMMARY
2026-07-30 20:59:11,045 - data_preprocessing - INFO - ------------------------------------------------------------
2026-07-30 20:59:11,046 - data_preprocessing - INFO - Original shape:       (10000, 8)
2026-07-30 20:59:11,046 - data_preprocessing - INFO - Final shape:          (10000, 8)
2026-07-30 20:59:11,046 - data_preprocessing - INFO - Duplicates removed:   0
2026-07-30 20:59:11,046 - data_preprocessing - INFO - Missing values resolved: 0
2026-07-30 20:59:11,046 - data_preprocessing - INFO - Invalid values removed: 0
2026-07-30 20:59:11,046 - data_preprocessing - INFO - ============================================================
2026-07-30 20:59:11,049 - main_pipeline - INFO - Preprocessing completed. Cleaned dataset has 10000 rows.
2026-07-30 20:59:11,049 - main_pipeline - INFO - Starting feature engineering step...
2026-07-30 20:59:11,049 - feature_engineering - INFO - Starting feature engineering process...
2026-07-30 20:59:11,051 - feature_engineering - INFO - Sorting transactions chronologically...
2026-07-30 20:59:11,060 - feature_engineering - INFO - Engineering temporal features...
2026-07-30 20:59:11,070 - feature_engineering - INFO - Engineering geographical features...
2026-07-30 20:59:11,081 - feature_engineering - INFO - Engineering customer transaction velocity and historical features...
2026-07-30 20:59:13,395 - feature_engineering - INFO - Engineering ratio-based features...
2026-07-30 20:59:13,397 - feature_engineering - INFO - Feature engineering completed. Shape: (10000, 15)
2026-07-30 20:59:13,399 - main_pipeline - INFO - Starting ML dataset preparation (scaling, encoding, splitting, saving)...
2026-07-30 20:59:13,400 - data_preprocessing - INFO - ============================================================
2026-07-30 20:59:13,400 - data_preprocessing - INFO - PREPARING MACHINE LEARNING DATASET & PREPROCESSING PIPELINE
2026-07-30 20:59:13,400 - data_preprocessing - INFO - ============================================================
2026-07-30 20:59:13,411 - data_preprocessing - INFO - Target distribution:
is_anomaly
0    0.9814
1    0.0186
Name: proportion, dtype: float64
2026-07-30 20:59:13,411 - data_preprocessing - INFO - Features shape: (10000, 11)
2026-07-30 20:59:13,432 - data_preprocessing - INFO - Train split shape: (8000, 11), Test split shape: (2000, 11)
2026-07-30 20:59:13,433 - data_preprocessing - INFO - Fitting ColumnTransformer on training split and transforming both splits...
2026-07-30 20:59:13,509 - data_preprocessing - INFO - Saving split datasets to disk...
2026-07-30 20:59:13,914 - data_preprocessing - INFO - Saving preprocessor object to: D:\AntiGravity Projects\Customer Churn\Customer-Churn-Prediction\models\preprocessor.joblib
2026-07-30 20:59:13,927 - data_preprocessing - INFO - Saving split dimensions to: D:\AntiGravity Projects\Customer Churn\Customer-Churn-Prediction\data\processed\split_dimensions.json
2026-07-30 20:59:13,929 - data_preprocessing - INFO - ============================================================
2026-07-30 20:59:13,929 - data_preprocessing - INFO - DATASET PREPARATION PIPELINE SUMMARY
2026-07-30 20:59:13,929 - data_preprocessing - INFO - ------------------------------------------------------------
2026-07-30 20:59:13,930 - data_preprocessing - INFO - X_train shape: (8000, 30)
2026-07-30 20:59:13,930 - data_preprocessing - INFO - X_test shape:  (2000, 30)
2026-07-30 20:59:13,930 - data_preprocessing - INFO - Train anomaly rate: 1.8625%
2026-07-30 20:59:13,930 - data_preprocessing - INFO - Test anomaly rate:  1.8500%
2026-07-30 20:59:13,930 - data_preprocessing - INFO - ============================================================
2026-07-30 20:59:13,937 - main_pipeline - INFO - Loading prepared train/test splits for modeling...
2026-07-30 20:59:14,145 - main_pipeline - INFO - Starting baseline model training...
2026-07-30 20:59:14,145 - train_model - INFO - Initializing and training baseline Logistic Regression model...
2026-07-30 20:59:14,213 - train_model - INFO - Logistic Regression training completed successfully.
2026-07-30 20:59:14,213 - train_model - INFO - Saving model object to: D:\AntiGravity Projects\Customer Churn\Customer-Churn-Prediction\models\baseline_logistic_regression.joblib
2026-07-30 20:59:14,217 - train_model - INFO - Model saved successfully.
2026-07-30 20:59:14,218 - main_pipeline - INFO - Starting baseline model evaluation...
2026-07-30 20:59:14,218 - evaluate_model - INFO - Starting baseline model evaluation on test set...
2026-07-30 20:59:14,298 - evaluate_model - INFO - =========================================
2026-07-30 20:59:14,298 - evaluate_model - INFO - BASELINE EVALUATION REPORT
2026-07-30 20:59:14,298 - evaluate_model - INFO - -----------------------------------------
2026-07-30 20:59:14,299 - evaluate_model - INFO - Accuracy:         99.9000%
2026-07-30 20:59:14,299 - evaluate_model - INFO - Precision:        97.2973%
2026-07-30 20:59:14,299 - evaluate_model - INFO - Recall:           97.2973%
2026-07-30 20:59:14,299 - evaluate_model - INFO - F1-score:         97.2973%
2026-07-30 20:59:14,299 - evaluate_model - INFO - ROC-AUC:          99.9986%
2026-07-30 20:59:14,299 - evaluate_model - INFO - Confusion Matrix:
[[1962    1]
 [   1   36]]
2026-07-30 20:59:14,300 - evaluate_model - INFO - Classification Report:
              precision    recall  f1-score   support

           0       1.00      1.00      1.00      1963
           1       0.97      0.97      0.97        37

    accuracy                           1.00      2000
   macro avg       0.99      0.99      0.99      2000
weighted avg       1.00      1.00      1.00      2000

2026-07-30 20:59:14,300 - evaluate_model - INFO - =========================================
2026-07-30 20:59:14,300 - evaluate_model - INFO - Saving predictions to: D:\AntiGravity Projects\Customer Churn\Customer-Churn-Prediction\data\processed\predictions_baseline.csv
2026-07-30 20:59:14,312 - evaluate_model - INFO - Predictions saved successfully.
2026-07-30 20:59:14,313 - evaluate_model - INFO - Saving metrics report to: D:\AntiGravity Projects\Customer Churn\Customer-Churn-Prediction\reports\baseline_metrics.json
2026-07-30 20:59:14,315 - evaluate_model - INFO - Metrics report saved successfully.
2026-07-30 20:59:14,315 - main_pipeline - INFO - Starting generation of evaluation plots...
2026-07-30 20:59:14,316 - visualization - INFO - Generating Confusion Matrix heatmap at D:\AntiGravity Projects\Customer Churn\Customer-Churn-Prediction\reports\figures\baseline_confusion_matrix.png...
2026-07-30 20:59:16,346 - visualization - INFO - Confusion Matrix heatmap saved successfully.
2026-07-30 20:59:16,346 - visualization - INFO - Generating ROC Curve plot at D:\AntiGravity Projects\Customer Churn\Customer-Churn-Prediction\reports\figures\baseline_roc_curve.png...
2026-07-30 20:59:16,850 - visualization - INFO - ROC Curve plot saved successfully.
2026-07-30 20:59:16,850 - visualization - INFO - Generating Precision-Recall Curve plot at D:\AntiGravity Projects\Customer Churn\Customer-Churn-Prediction\reports\figures\baseline_precision_recall_curve.png...
2026-07-30 20:59:17,344 - visualization - INFO - Precision-Recall Curve plot saved successfully.
2026-07-30 20:59:17,344 - main_pipeline - INFO - =========================================
2026-07-30 20:59:17,345 - main_pipeline - INFO - Pipeline Baseline Model Training & Evaluation completed successfully
2026-07-30 20:59:17,345 - main_pipeline - INFO - =========================================
